         parent1
      -      parent1-1
         parent2
             parent2-1
                 child1
      -              child1-1
      -          child2
      -      parent2-2
