bad indentation of a mapping entry (4:18)

 1 | title: タイトル
 2 | 
 3 | tasks:
 4 |   - name: invalid:
----------------------^
