0801     /parent/child1
  memo1
  memo2
0803     /parent/child2
