08/03     parent
08/01  -      child1
                memo1
                memo2
08/03  -      child2
