08/10     task1
08/10         subtask1
08/10  -          subsubtask1
08/01  *          subsubtask2
