0803  -  parent
0802  -      @/requires2
0802  -  requires2
