         task1 (-2/*0/?0/o1/x0)
      -      subtask1-1
      -      subtask1-2
